============================= 1 failed in 11.23s ==============================
